{
	"partnerCallId": "cfceccab-e4d0-4622-bde1-cd2dc73088c4",
    "url": "MAAS_COMMUNAUTO_GET_BOOKINGS_URL udpate",
    "method": "GET",
    "isMocked": 0,
    "nbCalls": 1,
    "partnerActionId": "e222f848-0f53-46fd-97fa-6b1f9f3db265",
    "body": {
        "bodyId": "9404fa40-1549-4fb9-bb89-d89bc58b1eef",
        "template": null,
        "isStatic": 2,
        "bodyParams": [
            {
                "bodyParamsId;": "c788a24a-d0e8-485f-b5b5-ad66340c30b7",
                "keyMapper": "VhiculeID update",
                "key": null,
                "sensitive": 33,
                "value": null,
                "precision": null,
                "timezone": null,
                "isRefreshToken": null
            }
        ]
    },
    "headers": [
        {
            "headersId": "84f49cdd-d430-40d1-9ba2-4b52f89eed20",
            "key": "Content-Type",
            "sensitive": null,
            "value": "application/json",
            "processFunction": null,
            "securityFlag": null,
            "valuePrefix": null,
            "valueTemplate": null,
            "headersValuesTemplate": [
                {
                    "headersValuesTemplateId": "19e9e6b8-6ac0-405e-96b1-37ca955587e0",
                    "key": "user update",
                    "value": "{MAAS_CITYSCOOT_CLIENT_ID:kFEkfWQt8UATcsccM7Ey}"
                }
            ]
        }
    ],
    "params": [
        {
            "paramsId": "5e8a4733-a504-4358-bcdc-f6fb5141ed88",
            "key": "StartDate",
            "sensitive": null,
            "value": "-22",
            "keyMapper": null,
            "precision": null,
            "timezone": "Europe/Paris"
        }
    ],
    "paramsMultiCalls": [],
    "executionOrder": 1
}