{
    "callId": "abb5c250-d06f-416c-9de9-6748ac6828cb",
    "errorCode": 404,
    "description": "La ressource demandée DataMapper avec l'id FAKE_UUID n'a pas été trouvée",
    "label": "Not Found",
    "status": 404,
    "timestamp": "2022-04-11T16:26:52.634Z"
}