    {
        "dataMapperId": "c271cc6b-d759-4cb4-a5e6-c8b952d4f1ce",
        "champInterne": "CHILD_SEAT",
        "champExterne": "accessories",
        "isArray": 1,
        "format": null,
        "timezone": "",
        "containedValue": "BabySeat",
        "defaultValue": null,
        "mspActionId": "5e71dcb3-ca60-4a2a-9896-c509ad1ca756"
    }