{
  "adapterId": "40142f60-9694-479f-a6cd-28b199b5e240",
  "adapterName": "default-adapter"
}