[
	{
		"partnerActionId": "e222f848-0f53-46fd-97fa-6b1f9f3db265",
		"name": "test_action",
		"action": "PING",
		"isAuthentication": false,
		"isRefreshAuthentication": 0,
		"isPagination": 0,
		"selector": {
			"selectorId": "ec0e9a76-f1fe-422c-803b-8332ad957942",
			"key": "test_s",
			"value": "test_s"
		}
	},
	{
		"partnerActionId": "2c1a2210-4916-4aaa-8287-7a4d50e93518",
		"name": "test_action",
		"action": "PING",
		"isAuthentication": false,
		"isRefreshAuthentication": 0,
		"isPagination": 0,
		"selector": {
			"selectorId": "ec0e9a76-f1fe-422c-803b-8332ad957942",
			"key": "test_s",
			"value": "test_s"
		}
	},
	{
		"partnerActionId": "5e71dcb3-ca60-4a2a-9896-c509ad1ca756",
		"name": "test_action",
		"action": "PING",
		"isAuthentication": false,
		"isRefreshAuthentication": 0,
		"isPagination": 0,
		"selector": {
			"selectorId": "ec0e9a76-f1fe-422c-803b-8332ad957942",
			"key": "test_s",
			"value": "test_s"
		}
	},
	{
		"partnerActionId": "7c8f8780-a6fa-495d-8b36-24a20539adca",
		"name": "CityScoot",
		"action": "PING",
		"isAuthentication": false,
		"isRefreshAuthentication": 0,
		"isPagination": 1,
		"selector": {
			"selectorId": "ec0e9a76-f1fe-422c-803b-8332ad957942",
			"key": "test_s",
			"value": "test_s"
		}
	}
]