{
  "paramKey": "CACHE_ACTIVATION_TEST",
  "paramValue": "false"
}