{
  "hasParking": false,
  "hasStationStatus": true,
  "primaryColor": "#0054BB",
  "type": "TROTTINETTE",
  "operator": "Dott",
  "url": "https:\/\/www.cityscoot.eu\/paris\/",
  "logoUrl": "patchedLogoURL",
  "priceList":{
    "duration": [
      {
        "unit": 5,
        "fixedFare": 3,
        "farePerUnit": 4,
        "priceListItemId": "f5e6cc23-740c-44f1-87bb-96762b35490b",
        "lowerPriceLimit": 123,
        "upperPriceLimit": 2
      },
      {
        "unit": 5,
        "fixedFare": 3,
        "farePerUnit": 4,
        "priceListItemId": "f5e6cc23-740c-44f1-87bb-96762b35490a",
        "lowerPriceLimit": 12211,
        "upperPriceLimit": 22
      }
    ],
    "parkingForbiddenFee": null,
    "distance": [],
    "priceListId": "f5e6cc23-740c-44f1-87bb-96762b35490c",
    "outOfBoundFee": null,
    "comment": null
  },
  "mspId": "f5e6cc23-740c-44f1-87bb-96762b35490d",
  "hasVehicle": null,
  "hasStation": true,
  "hasPrefParkingZone": false,
  "urlWebview": false,
  "isEnabled": null,
  "name": "Dott",
  "hasSpeedLimitZone": false,
  "logoFormat": "PNG",
  "hasNoParkingZone": false,
  "hasHold": false,
  "hasOperatingZone": false,
  "secondaryColor": "#0054BB"
}