[
  {
    "assetTypeId": "assetType1",
    "mspId": "b814c97e-df56-4651-ac50-11525537964f",
    "type": "VELO",
    "stationId": "station Id",
    "nrAvailable": 0,
    "assets": [
      {
        "mspId": "87930fdf-34c1-41c9-885e-6ce66505b598",
        "assetId": "string",
        "assetType": "string",
        "isReserved": true,
        "isReservedFrom": null,
        "isReservedTo": null,
        "isDisabled": true,
        "mileage": 0,
        "licensePlate": "string",
        "homeStationId": "sta0001",
        "lastReported": "1970-01-19T15:11:06.109+0000",
        "planId": "plan3",
        "overriddenProperties": {
          "name": "string",
          "currentRangeMeters": null,
          "operator": null,
          "location": {
            "name": "string",
            "stopReference": [
              {
                "type": "GTFS_STOP_ID",
                "id": "string",
                "country": "NL"
              }
            ],
            "stationId": "string",
            "crowflyDistance": null,
            "coordinates": {
              "lng": 6.169639,
              "lat": 0,
              "alt": 0
            },
            "physicalAddress": {
              "full": "40, rue du Louvre, 75001, Paris, France",
              "houseNumber": "40",
              "street": "rue du Louvre",
              "city": "Paris",
              "postCode": "75001",
              "country": "France"
            },
            "extraInfo": {
              "additionalProp1": {},
              "additionalProp2": {},
              "additionalProp3": {}
            }
          },
          "fuel": "NONE",
          "energyLabel": "A",
          "co2PerKm": 0,
          "brand": "string",
          "model": "string",
          "buildingYear": 0,
          "travelAbroad": true,
          "airConditioning": true,
          "cabrio": true,
          "colour": "string",
          "cargo": "string",
          "easyAccessibility": "LIFT",
          "gears": 0,
          "gearbox": "MANUAL",
          "image": "https://files.fietsersbond.nl/app/uploads/2014/10/30151126/ST2_Men_Side_CityKit-Stromer.jpg",
          "infantSeat": true,
          "persons": 1,
          "pets": true,
          "propulsion": "MUSCLE",
          "smoking": true,
          "stateOfCharge": 100,
          "towingHook": true,
          "undergroundParking": true,
          "winterTires": true,
          "snowChains": true,
          "maxSpeed": 0,
          "helmetRequired": true,
          "other": "string",
          "nrOfDoors": 0,
          "meta": {
            "additionalProp1": {},
            "additionalProp2": {},
            "additionalProp3": {}
          },
          "accessMethods": [
            "DEEPLINK"
          ],
          "ancillaries": [
            {
              "source": "string",
              "category": "string",
              "number": "st",
              "type": "string",
              "memo": "string",
              "variableNumber": 0,
              "applicable-days": [
                "MO"
              ]
            }
          ]
        },
        "rentalAndroidUrl": "http://...",
        "rentalIosUrl": "http://...",
        "rentalWebUrl": "http://...",
        "useDeeplink": null,
        "bookDeeplink": null
      }
    ],
    "assetClass": "AIR",
    "assetSubClass": "string",
    "sharedProperties": {
      "name": "string",
      "operator": "G7",
      "currentRangeMeters": null,
      "location": {
        "name": "string",
        "stopReference": [
          {
            "type": "GTFS_STOP_ID",
            "id": "string",
            "country": "NL"
          }
        ],
        "stationId": "string",
        "crowflyDistance": "50",
        "coordinates": {
          "lng": 6.169639,
          "lat": 0,
          "alt": 0
        },
        "physicalAddress": {
          "full": "40, rue du Louvre, 75001, Paris, France",
          "houseNumber": "40",
          "street": "rue du Louvre",
          "city": "Paris",
          "postCode": "75001",
          "country": "France"
        },
        "extraInfo": {
          "additionalProp1": {},
          "additionalProp2": {},
          "additionalProp3": {}
        }
      },
      "fuel": "NONE",
      "energyLabel": "A",
      "co2PerKm": 0,
      "brand": "string",
      "model": "string",
      "buildingYear": 0,
      "travelAbroad": true,
      "airConditioning": true,
      "cabrio": true,
      "colour": "string",
      "cargo": "string",
      "easyAccessibility": "LIFT",
      "gears": 0,
      "gearbox": "MANUAL",
      "image": "https://files.fietsersbond.nl/app/uploads/2014/10/30151126/ST2_Men_Side_CityKit-Stromer.jpg",
      "infantSeat": true,
      "persons": 1,
      "pets": true,
      "propulsion": "MUSCLE",
      "smoking": true,
      "stateOfCharge": 100,
      "towingHook": true,
      "undergroundParking": true,
      "winterTires": true,
      "snowChains": true,
      "maxSpeed": 0,
      "helmetRequired": true,
      "other": "string",
      "nrOfDoors": 0,
      "meta": {
        "additionalProp1": {},
        "additionalProp2": {},
        "additionalProp3": {}
      },
      "accessMethods": [
        "DEEPLINK"
      ],
      "ancillaries": [
        {
          "source": "string",
          "category": "string",
          "number": "st",
          "type": "string",
          "memo": "string",
          "variableNumber": 0,
          "applicable-days": [
            "MO"
          ]
        }
      ]
    },
    "applicablePricings": [
      {
        "planId": "freeplan1",
        "url": "https://www.rentmyfreebike.com/freeplan",
        "name": "Free Plan",
        "stationId": "string",
        "regionId": "string",
        "fare": {
          "estimated": true,
          "description": "string",
          "class": "string",
          "parts": [
            {
              "amount": 9.95,
              "amountExVat": 8.95,
              "currencyCode": "str",
              "vatRate": 21,
              "vatCountryCode": "NL",
              "type": "FIXED",
              "kind": "DEFAULT",
              "unitType": "KM",
              "units": 0,
              "scaleFrom": 0,
              "scaleTo": 0,
              "scaleType": "KM",
              "name": "string",
              "class": "FARE",
              "minimumAmount": 9,
              "maximumAmount": 11,
              "meta": {
                "additionalProp1": {},
                "additionalProp2": {},
                "additionalProp3": {}
              }
            }
          ]
        },
        "isTaxable": true,
        "description": "Unlimited plan for free bikes, as long as you don't break them!"
      }
    ],
    "conditions": null
  }
]