[
  {
    "mspId": "87930fdf-34c1-41c9-885e-6ce66505b598",
    "assetId": "string",
    "assetType": "string",
    "isReserved": true,
    "isReservedFrom": null,
    "isReservedTo": null,
    "isDisabled": true,
    "mileage": 0,
    "licensePlate": "string",
    "homeStationId": "sta0001",
    "lastReported": "1970-01-19T15:11:06.109+0000",
    "planId": "plan3",
    "overriddenProperties": {
      "name": "string",
      "currentRangeMeters": null,
      "operator": null,
      "location": {
        "name": "string",
        "stopReference": [
          {
            "type": "GTFS_STOP_ID",
            "id": "string",
            "country": "NL"
          }
        ],
        "stationId": "string",
        "crowflyDistance": null,
        "coordinates": {
          "lng": 6.169639,
          "lat": 0,
          "alt": 0
        },
        "physicalAddress": {
          "full": "40, rue du Louvre, 75001, Paris, France",
          "houseNumber": "40",
          "street": "rue du Louvre",
          "city": "Paris",
          "postCode": "75001",
          "country": "France"
        },
        "extraInfo": {
          "additionalProp1": {},
          "additionalProp2": {},
          "additionalProp3": {}
        }
      },
      "fuel": "NONE",
      "energyLabel": "A",
      "co2PerKm": 0,
      "brand": "string",
      "model": "string",
      "buildingYear": 0,
      "travelAbroad": true,
      "airConditioning": true,
      "cabrio": true,
      "colour": "string",
      "cargo": "string",
      "easyAccessibility": "LIFT",
      "gears": 0,
      "gearbox": "MANUAL",
      "image": "https://files.fietsersbond.nl/app/uploads/2014/10/30151126/ST2_Men_Side_CityKit-Stromer.jpg",
      "infantSeat": true,
      "persons": 1,
      "pets": true,
      "propulsion": "MUSCLE",
      "smoking": true,
      "stateOfCharge": 100,
      "towingHook": true,
      "undergroundParking": true,
      "winterTires": true,
      "snowChains": true,
      "maxSpeed": 0,
      "helmetRequired": true,
      "other": "string",
      "nrOfDoors": 0,
      "meta": {
        "additionalProp1": {},
        "additionalProp2": {},
        "additionalProp3": {}
      },
      "accessMethods": [
        "DEEPLINK"
      ],
      "ancillaries": [
        {
          "source": "string",
          "category": "string",
          "number": "st",
          "type": "string",
          "memo": "string",
          "variableNumber": 0,
          "applicable-days": [
            "MO"
          ]
        }
      ]
    },
    "rentalAndroidUrl": "http://...",
    "rentalIosUrl": "http://...",
    "rentalWebUrl": "http://...",
    "useDeeplink": null,
    "bookDeeplink": null
  }
]