[
  {
    "comment": "string",
    "duration": [
      {
        "fixedFare": 100,
        "farePerUnit": 15,
        "unit": 1,
        "lowerPriceLimit": 0,
        "upperPriceLimit": 30
      }
    ],
    "distance": [
      {
        "fixedFare": 100,
        "farePerUnit": 15,
        "unit": 1,
        "lowerPriceLimit": 0,
        "upperPriceLimit": 30
      }
    ],
    "parkingForbiddenFee": 0,
    "outOfBoundFee": 0
  }
]