[
  {
    "partnerId": "28784eb7-de79-434d-a1b6-819ebfd50860",
    "actionType": "VEHICLE_SEARCH",
    "hardTTL": 30,
    "cacheParamId": "885a4c3d-b459-41d6-b1c1-e30a82ea777b",
    "softTTL": 20,
    "refreshCacheDelay": 15
  },
  {
    "partnerId": "28784eb7-de79-434d-a1b6-819ebfd50860",
    "actionType": "AVAILABLE_ASSET",
    "hardTTL": 90,
    "cacheParamId": "885a4c3d-b459-41d6-b1c1-e30a82ea888b",
    "softTTL": 45,
    "refreshCacheDelay": 20
  }
]