
{
	"mspActionId": "6dfce23e-5daa-4a40-84cb-a0a9f7feafaf",
	"name": "CityScoot",
	"action": "ZONE_OPERATING",
	"isAuthentication": 1,
	"isRefreshAuthentication": 0,
	"isPagination": 0,
	"selector": {
		"selectorId": "ec0e9a76-f1fe-422c-803b-8332ad957942",
		"key": "test_s",
		"value": "test_s"
	}
}