{
  "status": 422,
  "errorCode": 12,
  "label": "myLabel",
  "description": "myDescription",
  "timestamp": "2022-03-24T12:15:30.604+01:00"
}