{
  "hasCarpoolingBookingPost": null,
  "hasAroundMe": null,
  "hasPricingPlan": null,
  "hasCarpoolingMessages": null,
  "hasStationStatus": true,
  "primaryColor": "#0054BB",
  "type": "CARPOOLING",
  "operator": "Dott",
  "priceList": {
    "duration": [
      {
        "unit": 5,
        "fixedFare": 3,
        "farePerUnit": 4,
        "priceListItemId": "FAKE_UUID",
        "lowerPriceLimit": 123,
        "upperPriceLimit": 2
      },
      {
        "unit": 5,
        "fixedFare": 3,
        "farePerUnit": 4,
        "priceListItemId": "FAKE_UUID",
        "lowerPriceLimit": 12211,
        "upperPriceLimit": 22
      }
    ],
    "parkingForbiddenFee": null,
    "distance": [],
    "priceListId": "FAKE_UUID",
    "outOfBoundFee": null,
    "comment": null
  },
  "hasVehicleTypes": null,
  "logoFormat": "PNG",
  "hasNoParkingZone": false,
  "hasOperatingZone": false,
  "hasCarpoolingDriverJourney": null,
  "hasParking": false,
  "hasPing": null,
  "url": "https:\/\/www.cityscoot.eu\/paris\/",
  "logoUrl": "patchedLogoURL",
  "hasCarpoolingBookingGet": null,
  "hasCarpoolingBookingEvent": null,
  "hasVehicle": null,
  "hasStation": false,
  "hasPrefParkingZone": false,
  "urlWebview": false,
  "hasCarpoolingBookingPatch": null,
  "hasCarpoolingPassengerJourney": null,
  "hasCarpoolingPassengerTrip": null,
  "isEnabled": null,
  "name": "Dott",
  "hasCarpoolingStatus": null,
  "partnerId": "FAKE_UUID",
  "partnerType": "MSP",
  "hasSpeedLimitZone": false,
  "hasCarpoolingDriverTrip": null,
  "hasHold": false,
  "secondaryColor": "#0054BB"
}