[
    {
        "tokenId": "ba48d9ae-722e-41a2-81b8-2f449ac71caf",
        "accessToken": "accessToken test ",
        "expireAt": "2022-03-17T11:51:52.202Z",
        "mspId": "b814c97e-df56-4651-ac50-11525537964f"
    },
    {
        "tokenId": "c13684f5-5438-4633-9af2-1e835bb7bc9e",
        "accessToken": "accessToken test2",
        "expireAt": "2022-03-22T11:51:52.202Z",
        "mspId": "6c317901-749f-4d7d-82bb-afdc737b26b3"
    }
]