{
	"tokenId": "ba48d9ae-722e-41a2-81b8-2f449ac71caf",
	"accessToken": "accessToken test ",
	"expireAt": "2022-03-17T11:51:52.202Z",
	"mspId": "b814c97e-df56-4651-ac50-11525537964f"
}