{
	"tokenId": "c13684f5-5438-4633-9af2-1e835bb7bc9e",
	"accessToken": "accessToken test2",
	"expireAt": "2022-03-22T11:51:52.202Z",
	"mspMetaId": "6c317901-749f-4d7d-82bb-afdc737b26b3"
}