{
  "status": 503,
  "errorCode": 503,
  "label": "Service Unavailable",
  "description": "Erreur lors de l'appel au service /request-relay?protocol=SOAP",
  "timestamp": "2022-04-12T18:37:06.845+02:00",
  "callId": "61404179-cf8b-475a-90e2-eaf74db8950d"
}